Java HotSpot(TM) 64-Bit Server VM (25.241-b07) for linux-amd64 JRE (1.8.0_241-b07), built on Dec 11 2019 02:22:16 by "java_re" with gcc 7.3.0
Memory: 4k page, physical 1882132k(873196k free), swap 2097148k(2097148k free)
CommandLine flags: -XX:+HeapDumpOnOutOfMemoryError -XX:HeapDumpPath=/opt/tomcat/logs -XX:InitialHeapSize=268435456 -XX:MaxHeapSize=536870912 -XX:+PrintGC -XX:+PrintGCTimeStamps -XX:+UseCompressedClassPointers -XX:+UseCompressedOops -XX:+UseParallelGC 
0.942: [GC (Allocation Failure)  65536K->12022K(251392K), 0.0160767 secs]
11.816: [GC (Allocation Failure)  77558K->11588K(251392K), 0.0181627 secs]
11.916: [GC (Allocation Failure)  77124K->9947K(251392K), 0.0146464 secs]
11.980: [GC (Allocation Failure)  75483K->10655K(316928K), 0.0111964 secs]
12.077: [GC (Allocation Failure)  141727K->12061K(316928K), 0.0187392 secs]
12.173: [GC (Allocation Failure)  143133K->13478K(335872K), 0.0210111 secs]
12.268: [GC (Allocation Failure)  161446K->15005K(329216K), 0.0227739 secs]
12.353: [GC (Allocation Failure)  162973K->16597K(335360K), 0.0096836 secs]
12.419: [GC (Allocation Failure)  162517K->18210K(326144K), 0.0093951 secs]
12.480: [GC (Allocation Failure)  164130K->19770K(334848K), 0.0088665 secs]
12.543: [GC (Allocation Failure)  164666K->21370K(322048K), 0.0093836 secs]
12.590: [GC (Allocation Failure)  166266K->23319K(333312K), 0.0068122 secs]
12.636: [GC (Allocation Failure)  166167K->24815K(333824K), 0.0119788 secs]
12.689: [GC (Allocation Failure)  167663K->26287K(333824K), 0.0073660 secs]
12.749: [GC (Allocation Failure)  169135K->27895K(320000K), 0.0069588 secs]
12.809: [GC (Allocation Failure)  170743K->29427K(333312K), 0.0063662 secs]
12.844: [GC (Allocation Failure)  172275K->31524K(333312K), 0.0064840 secs]
12.887: [GC (Allocation Failure)  174372K->33028K(333824K), 0.0050920 secs]
12.920: [GC (Allocation Failure)  177412K->34629K(333824K), 0.0044952 secs]
12.955: [GC (Allocation Failure)  179013K->36113K(334848K), 0.0070648 secs]
12.989: [GC (Allocation Failure)  182545K->37633K(334848K), 0.0047280 secs]
13.019: [GC (Allocation Failure)  184065K->39113K(335872K), 0.0046518 secs]
13.050: [GC (Allocation Failure)  187593K->41626K(335872K), 0.0059858 secs]
13.081: [GC (Allocation Failure)  190106K->43186K(336896K), 0.0048573 secs]
13.112: [GC (Allocation Failure)  193714K->44827K(336896K), 0.0050038 secs]
13.142: [GC (Allocation Failure)  195355K->46407K(337920K), 0.0061814 secs]
13.174: [GC (Allocation Failure)  198983K->48039K(337920K), 0.0053009 secs]
13.205: [GC (Allocation Failure)  200615K->49591K(338944K), 0.0047051 secs]
13.244: [GC (Allocation Failure)  204215K->51263K(338944K), 0.0115740 secs]
13.286: [GC (Allocation Failure)  205887K->52983K(339968K), 0.0079732 secs]
13.324: [GC (Allocation Failure)  209655K->54635K(339968K), 0.0062702 secs]
13.357: [GC (Allocation Failure)  211307K->57690K(340480K), 0.0063311 secs]
13.390: [GC (Allocation Failure)  215898K->59394K(340992K), 0.0055340 secs]
13.428: [GC (Allocation Failure)  217602K->61218K(342016K), 0.0052429 secs]
13.457: [GC (Allocation Failure)  220962K->62862K(342016K), 0.0052732 secs]
13.489: [GC (Allocation Failure)  222606K->64566K(342016K), 0.0058406 secs]
13.522: [GC (Allocation Failure)  225334K->66310K(342016K), 0.0080880 secs]
13.559: [GC (Allocation Failure)  227078K->68078K(342528K), 0.0055340 secs]
13.593: [GC (Allocation Failure)  230382K->69790K(343040K), 0.0070035 secs]
13.627: [GC (Allocation Failure)  232094K->71582K(343040K), 0.0081440 secs]
13.662: [GC (Allocation Failure)  234910K->73358K(343552K), 0.0055272 secs]
13.699: [GC (Allocation Failure)  236686K->75094K(343552K), 0.0088262 secs]
13.735: [GC (Allocation Failure)  239446K->76831K(344064K), 0.0084162 secs]
13.773: [GC (Allocation Failure)  241183K->78671K(345088K), 0.0083982 secs]
13.813: [GC (Allocation Failure)  244047K->80623K(343040K), 0.0086461 secs]
13.848: [GC (Allocation Failure)  245999K->84377K(344064K), 0.0079750 secs]
13.887: [GC (Allocation Failure)  249241K->86233K(344576K), 0.0092858 secs]
13.922: [GC (Allocation Failure)  251097K->87921K(345088K), 0.0087930 secs]
13.961: [GC (Allocation Failure)  253297K->89729K(342528K), 0.0083331 secs]
14.002: [GC (Allocation Failure)  255105K->91617K(344576K), 0.0063316 secs]
14.036: [GC (Allocation Failure)  256993K->93297K(344576K), 0.0056135 secs]
14.069: [GC (Allocation Failure)  258673K->95130K(344576K), 0.0091528 secs]
14.107: [GC (Allocation Failure)  261530K->96922K(345088K), 0.0093724 secs]
14.149: [GC (Allocation Failure)  263322K->98754K(346112K), 0.0095861 secs]
14.187: [GC (Allocation Failure)  266178K->100418K(346112K), 0.0075069 secs]
14.224: [GC (Allocation Failure)  267842K->102298K(346112K), 0.0056826 secs]
14.262: [GC (Allocation Failure)  269722K->104166K(344576K), 0.0096335 secs]
14.299: [GC (Allocation Failure)  271590K->105926K(345600K), 0.0096718 secs]
14.339: [GC (Allocation Failure)  273350K->107686K(345600K), 0.0058311 secs]
14.381: [GC (Allocation Failure)  275110K->109678K(346624K), 0.0057807 secs]
14.414: [GC (Allocation Failure)  278126K->111398K(346624K), 0.0054652 secs]
14.450: [GC (Allocation Failure)  279846K->113302K(346624K), 0.0056566 secs]
14.483: [GC (Allocation Failure)  281750K->115063K(346624K), 0.0086261 secs]
14.518: [GC (Allocation Failure)  283511K->116895K(346624K), 0.0090780 secs]
14.553: [GC (Allocation Failure)  285343K->121852K(346624K), 0.0066212 secs]
14.587: [GC (Allocation Failure)  290300K->123676K(345600K), 0.0095936 secs]
14.624: [GC (Allocation Failure)  292124K->125476K(346112K), 0.0095698 secs]
14.661: [GC (Allocation Failure)  293924K->127300K(347136K), 0.0068494 secs]
14.696: [GC (Allocation Failure)  296772K->129132K(347136K), 0.0083785 secs]
14.730: [GC (Allocation Failure)  298604K->131012K(347136K), 0.0082772 secs]
14.764: [GC (Allocation Failure)  300484K->132845K(347136K), 0.0057835 secs]
14.798: [GC (Allocation Failure)  302317K->134693K(347136K), 0.0096305 secs]
14.834: [GC (Allocation Failure)  304165K->136461K(347136K), 0.0095867 secs]
14.872: [GC (Allocation Failure)  305933K->138245K(347136K), 0.0081102 secs]
14.907: [GC (Allocation Failure)  307717K->140149K(347136K), 0.0060712 secs]
14.941: [GC (Allocation Failure)  309621K->142029K(347136K), 0.0064908 secs]
14.977: [GC (Allocation Failure)  311501K->143933K(347136K), 0.0061654 secs]
15.011: [GC (Allocation Failure)  313405K->145781K(347136K), 0.0094914 secs]
15.048: [GC (Allocation Failure)  315253K->147637K(347136K), 0.0100176 secs]
15.086: [GC (Allocation Failure)  317109K->149357K(347136K), 0.0093873 secs]
15.124: [GC (Allocation Failure)  318829K->151293K(347136K), 0.0059465 secs]
15.163: [GC (Allocation Failure)  320765K->153069K(347136K), 0.0062035 secs]
15.200: [GC (Allocation Failure)  322541K->154982K(347136K), 0.0062832 secs]
15.233: [GC (Allocation Failure)  324454K->156702K(347136K), 0.0071593 secs]
15.271: [GC (Allocation Failure)  326174K->158734K(347136K), 0.0088743 secs]
15.311: [GC (Allocation Failure)  328206K->160518K(347136K), 0.0064419 secs]
15.345: [GC (Allocation Failure)  329990K->162350K(347136K), 0.0068857 secs]
15.383: [GC (Allocation Failure)  331822K->164230K(347136K), 0.0109505 secs]
15.421: [GC (Allocation Failure)  333702K->166070K(347136K), 0.0064250 secs]
15.456: [GC (Allocation Failure)  335542K->167966K(347136K), 0.0099186 secs]
15.498: [GC (Allocation Failure)  337438K->169919K(347136K), 0.0103838 secs]
15.537: [GC (Allocation Failure)  339391K->171803K(347136K), 0.0060205 secs]
15.572: [GC (Allocation Failure)  341275K->178343K(352256K), 0.0104281 secs]
15.582: [Full GC (Ergonomics)  178343K->162944K(415744K), 0.7596557 secs]
16.371: [GC (Allocation Failure)  332416K->165088K(415744K), 0.0039105 secs]
16.405: [GC (Allocation Failure)  334560K->167144K(415744K), 0.0094303 secs]
16.443: [GC (Allocation Failure)  336616K->169100K(415744K), 0.0056918 secs]
16.486: [GC (Allocation Failure)  338572K->171005K(415744K), 0.0056711 secs]
16.522: [GC (Allocation Failure)  340477K->173101K(415744K), 0.0079601 secs]
16.557: [GC (Allocation Failure)  342573K->174901K(415744K), 0.0093350 secs]
16.598: [GC (Allocation Failure)  344373K->176761K(415744K), 0.0091281 secs]
16.636: [GC (Allocation Failure)  346233K->178585K(415744K), 0.0095234 secs]
16.679: [GC (Allocation Failure)  348057K->180465K(415744K), 0.0065656 secs]
16.714: [GC (Allocation Failure)  349937K->182306K(415744K), 0.0066807 secs]
16.748: [GC (Allocation Failure)  351778K->184162K(415744K), 0.0067802 secs]
16.787: [GC (Allocation Failure)  353634K->186042K(415744K), 0.0067141 secs]
16.821: [GC (Allocation Failure)  355514K->187978K(415744K), 0.0120447 secs]
16.863: [GC (Allocation Failure)  357450K->189930K(415744K), 0.0058997 secs]
16.905: [GC (Allocation Failure)  359402K->191730K(415744K), 0.0066131 secs]
16.943: [GC (Allocation Failure)  361202K->193546K(415744K), 0.0060219 secs]
16.979: [GC (Allocation Failure)  363018K->195522K(415744K), 0.0055332 secs]
17.014: [GC (Allocation Failure)  364994K->197583K(415744K), 0.0082094 secs]
17.050: [GC (Allocation Failure)  367055K->199447K(415744K), 0.0057320 secs]
17.084: [GC (Allocation Failure)  368919K->201567K(415744K), 0.0093673 secs]
17.121: [GC (Allocation Failure)  371039K->203367K(415744K), 0.0097468 secs]
17.160: [GC (Allocation Failure)  372839K->205207K(415744K), 0.0094597 secs]
17.197: [GC (Allocation Failure)  374679K->207064K(415744K), 0.0093783 secs]
17.239: [GC (Allocation Failure)  376536K->209032K(415744K), 0.0095275 secs]
17.277: [GC (Allocation Failure)  378504K->210976K(415744K), 0.0069731 secs]
17.313: [GC (Allocation Failure)  380448K->212920K(415744K), 0.0063561 secs]
17.351: [GC (Allocation Failure)  382392K->214904K(415744K), 0.0065548 secs]
17.384: [GC (Allocation Failure)  384376K->216681K(415744K), 0.0064759 secs]
17.425: [GC (Allocation Failure)  386153K->218593K(415744K), 0.0096686 secs]
17.465: [GC (Allocation Failure)  388065K->220689K(415744K), 0.0094768 secs]
17.501: [GC (Allocation Failure)  390161K->222533K(415744K), 0.0098816 secs]
17.541: [GC (Allocation Failure)  392005K->224293K(415744K), 0.0098237 secs]
17.581: [GC (Allocation Failure)  393765K->226205K(415744K), 0.0095844 secs]
17.621: [GC (Allocation Failure)  395677K->228117K(415744K), 0.0097600 secs]
17.659: [GC (Allocation Failure)  397589K->229966K(415744K), 0.0095615 secs]
17.701: [GC (Allocation Failure)  399438K->231974K(415744K), 0.0084998 secs]
17.739: [GC (Allocation Failure)  401446K->233870K(415744K), 0.0060864 secs]
17.773: [GC (Allocation Failure)  403342K->235830K(415744K), 0.0059424 secs]
17.810: [GC (Allocation Failure)  405302K->237598K(415744K), 0.0064022 secs]
17.846: [GC (Allocation Failure)  407070K->239686K(415744K), 0.0096151 secs]
17.885: [GC (Allocation Failure)  409158K->241791K(415744K), 0.0067804 secs]
17.923: [GC (Allocation Failure)  411263K->243635K(415744K), 0.0063625 secs]
17.929: [Full GC (Ergonomics)  243635K->237932K(521728K), 0.7205239 secs]
18.679: [GC (Allocation Failure)  407404K->247038K(521728K), 0.0066701 secs]
18.716: [GC (Allocation Failure)  416510K->249150K(521728K), 0.0077060 secs]
18.754: [GC (Allocation Failure)  418622K->251322K(520704K), 0.0078015 secs]
18.790: [GC (Allocation Failure)  419770K->253083K(521216K), 0.0093877 secs]
18.827: [GC (Allocation Failure)  421531K->254963K(521216K), 0.0062572 secs]
18.859: [GC (Allocation Failure)  423411K->256859K(521216K), 0.0063351 secs]
18.895: [GC (Allocation Failure)  425307K->258907K(521216K), 0.0101512 secs]
18.931: [GC (Allocation Failure)  427355K->260764K(521216K), 0.0086418 secs]
18.969: [GC (Allocation Failure)  429212K->262620K(521216K), 0.0105215 secs]
19.006: [GC (Allocation Failure)  431068K->264628K(521216K), 0.0104264 secs]
19.044: [GC (Allocation Failure)  433076K->266420K(521216K), 0.0075100 secs]
19.081: [GC (Allocation Failure)  434868K->268276K(521216K), 0.0070502 secs]
19.115: [GC (Allocation Failure)  436724K->270332K(521216K), 0.0092068 secs]
19.154: [GC (Allocation Failure)  438780K->272125K(521216K), 0.0067078 secs]
19.187: [GC (Allocation Failure)  440573K->274125K(520704K), 0.0074915 secs]
19.221: [GC (Allocation Failure)  442573K->275933K(521216K), 0.0108755 secs]
19.259: [GC (Allocation Failure)  444893K->277837K(521728K), 0.0103834 secs]
19.300: [GC (Allocation Failure)  447309K->279725K(521728K), 0.0104840 secs]
19.338: [GC (Allocation Failure)  449194K->281829K(521728K), 0.0077428 secs]
19.377: [GC (Allocation Failure)  451301K->283662K(521728K), 0.0067451 secs]
19.413: [GC (Allocation Failure)  453134K->285614K(521728K), 0.0067070 secs]
19.453: [GC (Allocation Failure)  455086K->287782K(521728K), 0.0076703 secs]
19.495: [GC (Allocation Failure)  457254K->289686K(521728K), 0.0067839 secs]
19.532: [GC (Allocation Failure)  459158K->291831K(521728K), 0.0065750 secs]
19.567: [GC (Allocation Failure)  461303K->293755K(521728K), 0.0077649 secs]
19.605: [GC (Allocation Failure)  463227K->295619K(521728K), 0.0105162 secs]
19.643: [GC (Allocation Failure)  465091K->297587K(521728K), 0.0077308 secs]
19.683: [GC (Allocation Failure)  467059K->299500K(521728K), 0.0065469 secs]
19.717: [GC (Allocation Failure)  468972K->301524K(521728K), 0.0064413 secs]
19.752: [GC (Allocation Failure)  470996K->303536K(521728K), 0.0065437 secs]
19.789: [GC (Allocation Failure)  473008K->305608K(521728K), 0.0075035 secs]
19.823: [GC (Allocation Failure)  475080K->307529K(521728K), 0.0078409 secs]
19.879: [GC (Allocation Failure)  477001K->309393K(521728K), 0.0075005 secs]
19.914: [GC (Allocation Failure)  478865K->311285K(521728K), 0.0090292 secs]
19.954: [GC (Allocation Failure)  480757K->313133K(521728K), 0.0076474 secs]
19.992: [GC (Allocation Failure)  482605K->315133K(521728K), 0.0076190 secs]
20.027: [GC (Allocation Failure)  484602K->317053K(521728K), 0.0115062 secs]
20.068: [GC (Allocation Failure)  486525K->318886K(521728K), 0.0096941 secs]
20.106: [GC (Allocation Failure)  488358K->320870K(521728K), 0.0071720 secs]
20.144: [GC (Allocation Failure)  490342K->322826K(521728K), 0.0114491 secs]
20.183: [GC (Allocation Failure)  492298K->324754K(521728K), 0.0079662 secs]
20.221: [GC (Allocation Failure)  494226K->326754K(521728K), 0.0093290 secs]
20.259: [GC (Allocation Failure)  496226K->328714K(521728K), 0.0075242 secs]
20.298: [GC (Allocation Failure)  498186K->330463K(521728K), 0.0077209 secs]
20.334: [GC (Allocation Failure)  499935K->332391K(521728K), 0.0112181 secs]
20.372: [GC (Allocation Failure)  501863K->334263K(521728K), 0.0085381 secs]
20.412: [GC (Allocation Failure)  503735K->336175K(521728K), 0.0110219 secs]
20.455: [GC (Allocation Failure)  505647K->338175K(521728K), 0.0111142 secs]
20.495: [GC (Allocation Failure)  507647K->340068K(521728K), 0.0125702 secs]
20.536: [GC (Allocation Failure)  509540K->342124K(521728K), 0.0106493 secs]
20.576: [GC (Allocation Failure)  511596K->344156K(521728K), 0.0106349 secs]
20.618: [GC (Allocation Failure)  513628K->345980K(521728K), 0.0079095 secs]
20.654: [GC (Allocation Failure)  515452K->347876K(521728K), 0.0076060 secs]
20.690: [GC (Allocation Failure)  517348K->349893K(521728K), 0.0070961 secs]
20.697: [Full GC (Ergonomics)  349893K->335521K(521728K), 1.1044692 secs]
21.836: [GC (Allocation Failure)  504993K->337969K(521728K), 0.0047896 secs]
21.874: [GC (Allocation Failure)  507441K->339969K(521728K), 0.0126985 secs]
21.915: [GC (Allocation Failure)  509441K->342606K(517632K), 0.0105030 secs]
21.958: [GC (Allocation Failure)  507982K->344395K(519680K), 0.0070033 secs]
21.993: [GC (Allocation Failure)  509771K->346507K(519680K), 0.0063702 secs]
22.029: [GC (Allocation Failure)  511883K->348363K(519680K), 0.0134353 secs]
22.072: [GC (Allocation Failure)  513739K->350224K(517632K), 0.0087329 secs]
22.108: [GC (Allocation Failure)  513552K->352304K(517120K), 0.0137207 secs]
22.122: [Full GC (Ergonomics)  352304K->350050K(517120K), 0.8448762 secs]
22.996: [Full GC (Ergonomics)  513378K->351853K(517120K), 0.9937355 secs]
24.021: [Full GC (Ergonomics)  512990K->353986K(517120K), 0.8102465 secs]
24.873: [Full GC (Ergonomics)  512982K->354792K(517120K), 0.9262408 secs]
25.837: [Full GC (Ergonomics)  512520K->366427K(517120K), 0.9083237 secs]
26.771: [Full GC (Ergonomics)  512518K->368013K(517120K), 0.8800536 secs]
27.680: [Full GC (Ergonomics)  513001K->369511K(517120K), 0.6954089 secs]
28.400: [Full GC (Ergonomics)  512915K->370998K(517120K), 0.6996190 secs]
29.122: [Full GC (Ergonomics)  512857K->366832K(517120K), 0.6757713 secs]
29.824: [Full GC (Ergonomics)  512857K->367136K(517120K), 0.6821078 secs]
30.529: [Full GC (Ergonomics)  512857K->366319K(517120K), 0.7003870 secs]
31.256: [Full GC (Ergonomics)  512857K->367069K(517120K), 0.6857709 secs]
31.971: [Full GC (Ergonomics)  512857K->366991K(517120K), 0.7023291 secs]
32.697: [Full GC (Ergonomics)  512857K->366863K(517120K), 0.6904909 secs]
33.410: [Full GC (Ergonomics)  512857K->366458K(517120K), 0.7151586 secs]
34.152: [Full GC (Ergonomics)  506423K->366560K(517120K), 0.7040540 secs]
34.884: [Full GC (Ergonomics)  512857K->366794K(517120K), 0.7183364 secs]
35.628: [Full GC (Ergonomics)  512857K->366631K(517120K), 0.6938547 secs]
36.344: [Full GC (Ergonomics)  512857K->366955K(517120K), 0.6936232 secs]
37.064: [Full GC (Ergonomics)  512857K->366748K(517120K), 0.6911224 secs]
37.781: [Full GC (Ergonomics)  512857K->366775K(517120K), 0.7000765 secs]
38.504: [Full GC (Ergonomics)  512857K->367248K(517120K), 0.6764210 secs]
39.203: [Full GC (Ergonomics)  512845K->367240K(517120K), 0.6729931 secs]
39.901: [Full GC (Ergonomics)  512857K->367167K(517120K), 0.6860420 secs]
40.614: [Full GC (Ergonomics)  512857K->360068K(517120K), 0.7985700 secs]
41.438: [Full GC (Ergonomics)  512355K->361652K(517120K), 0.8152158 secs]
42.279: [Full GC (Ergonomics)  512207K->363199K(517120K), 0.7835819 secs]
43.087: [Full GC (Ergonomics)  512133K->364706K(517120K), 0.7924815 secs]
43.905: [Full GC (Ergonomics)  512100K->366273K(517120K), 0.7973090 secs]
44.725: [Full GC (Ergonomics)  512091K->367792K(517120K), 0.7873305 secs]
45.538: [Full GC (Ergonomics)  512028K->369326K(517120K), 0.8129173 secs]
46.374: [Full GC (Ergonomics)  512028K->370795K(517120K), 0.8038992 secs]
47.201: [Full GC (Ergonomics)  512028K->372263K(517120K), 0.8016523 secs]
48.028: [Full GC (Ergonomics)  511983K->373729K(517120K), 0.8161688 secs]
48.866: [Full GC (Ergonomics)  511941K->375209K(517120K), 0.8180713 secs]
49.707: [Full GC (Ergonomics)  511933K->376643K(517120K), 0.8448557 secs]
50.574: [Full GC (Ergonomics)  511900K->378058K(517120K), 0.8190373 secs]
51.415: [Full GC (Ergonomics)  511892K->379426K(517120K), 0.8465557 secs]
52.285: [Full GC (Ergonomics)  511867K->380822K(517120K), 0.8327089 secs]
53.139: [Full GC (Ergonomics)  511838K->382176K(517120K), 0.8383198 secs]
53.999: [Full GC (Ergonomics)  511788K->383503K(517120K), 0.8247658 secs]
54.848: [Full GC (Ergonomics)  511763K->384949K(517120K), 1.0201557 secs]
55.890: [Full GC (Ergonomics)  511763K->386394K(517120K), 0.8543963 secs]
56.768: [Full GC (Ergonomics)  511754K->387818K(517120K), 0.8694526 secs]
57.661: [Full GC (Ergonomics)  511746K->389309K(517120K), 1.0057193 secs]
58.688: [Full GC (Ergonomics)  511746K->390591K(517120K), 0.8534593 secs]
59.561: [Full GC (Ergonomics)  511730K->391899K(517120K), 0.8523782 secs]
60.443: [Full GC (Ergonomics)  511729K->393266K(517120K), 0.8707151 secs]
61.334: [Full GC (Ergonomics)  511729K->394526K(517120K), 0.8514781 secs]
62.205: [Full GC (Ergonomics)  511729K->395777K(517120K), 0.8738311 secs]
63.100: [Full GC (Ergonomics)  511721K->396979K(517120K), 0.8630525 secs]
63.985: [Full GC (Ergonomics)  511721K->398170K(517120K), 0.8642267 secs]
64.867: [Full GC (Ergonomics)  511721K->399383K(517120K), 0.8663073 secs]
65.752: [Full GC (Ergonomics)  511721K->400581K(517120K), 0.8797286 secs]
66.650: [Full GC (Ergonomics)  511721K->401744K(517120K), 0.8884707 secs]
67.557: [Full GC (Ergonomics)  511721K->402909K(517120K), 0.8926213 secs]
68.470: [Full GC (Ergonomics)  511721K->404159K(517120K), 0.8871392 secs]
69.378: [Full GC (Ergonomics)  511721K->405433K(517120K), 0.8938113 secs]
70.292: [Full GC (Ergonomics)  511721K->406607K(517120K), 0.8864645 secs]
71.203: [Full GC (Ergonomics)  511721K->407719K(517120K), 0.8965063 secs]
72.121: [Full GC (Ergonomics)  511721K->408657K(517120K), 0.9028107 secs]
73.040: [Full GC (Ergonomics)  511721K->409763K(517120K), 0.8724304 secs]
73.929: [Full GC (Ergonomics)  511721K->410776K(517120K), 0.8878339 secs]
74.834: [Full GC (Ergonomics)  511721K->411841K(517120K), 0.9111962 secs]
75.762: [Full GC (Ergonomics)  511721K->412827K(517120K), 0.9053211 secs]
76.686: [Full GC (Ergonomics)  511721K->413913K(517120K), 0.9312944 secs]
77.634: [Full GC (Ergonomics)  511721K->414928K(517120K), 0.9234817 secs]
78.574: [Full GC (Ergonomics)  511721K->415904K(517120K), 0.9121287 secs]
79.507: [Full GC (Ergonomics)  511721K->416948K(517120K), 0.9214263 secs]
80.443: [Full GC (Ergonomics)  511721K->417928K(517120K), 0.9330440 secs]
81.391: [Full GC (Ergonomics)  511721K->418903K(517120K), 0.9446177 secs]
82.352: [Full GC (Ergonomics)  511721K->419895K(517120K), 0.9150133 secs]
83.282: [Full GC (Ergonomics)  511721K->420808K(517120K), 0.9518453 secs]
84.251: [Full GC (Ergonomics)  511721K->421797K(517120K), 0.9133048 secs]
85.178: [Full GC (Ergonomics)  511721K->422684K(517120K), 0.9373380 secs]
86.136: [Full GC (Ergonomics)  511721K->423581K(517120K), 0.9474220 secs]
87.097: [Full GC (Ergonomics)  511721K->424497K(517120K), 0.9347052 secs]
88.046: [Full GC (Ergonomics)  511721K->425396K(517120K), 0.9344094 secs]
88.994: [Full GC (Ergonomics)  511721K->426323K(517120K), 0.9173023 secs]
89.925: [Full GC (Ergonomics)  511721K->427153K(517120K), 0.9232539 secs]
90.862: [Full GC (Ergonomics)  511721K->428021K(517120K), 0.9369006 secs]
91.812: [Full GC (Ergonomics)  511721K->428853K(517120K), 0.9528324 secs]
92.781: [Full GC (Ergonomics)  511721K->430547K(517120K), 0.9371792 secs]
93.732: [Full GC (Ergonomics)  511720K->430888K(517120K), 1.1622811 secs]
94.907: [Full GC (Ergonomics)  511169K->431754K(517120K), 0.9387384 secs]
95.862: [Full GC (Ergonomics)  511169K->432591K(517120K), 0.9328968 secs]
96.807: [Full GC (Ergonomics)  511169K->433440K(517120K), 0.9156794 secs]
97.736: [Full GC (Ergonomics)  511139K->434231K(517120K), 0.9597594 secs]
98.709: [Full GC (Ergonomics)  511139K->435047K(517120K), 0.9292586 secs]
99.650: [Full GC (Ergonomics)  511139K->435779K(517120K), 0.9547023 secs]
100.617: [Full GC (Ergonomics)  511139K->436545K(517120K), 1.1022401 secs]
101.733: [Full GC (Ergonomics)  511137K->437371K(517120K), 0.9776957 secs]
102.722: [Full GC (Ergonomics)  511137K->438087K(517120K), 1.0679795 secs]
103.801: [Full GC (Ergonomics)  511135K->438860K(517120K), 0.9533179 secs]
104.766: [Full GC (Ergonomics)  511134K->439607K(517120K), 0.9438338 secs]
105.721: [Full GC (Ergonomics)  511132K->440329K(517120K), 0.9665483 secs]
106.701: [Full GC (Ergonomics)  511132K->441072K(517120K), 0.9514514 secs]
107.665: [Full GC (Ergonomics)  511131K->441838K(517120K), 0.9482626 secs]
108.624: [Full GC (Ergonomics)  511129K->442583K(517120K), 0.9334553 secs]
109.568: [Full GC (Ergonomics)  511129K->443270K(517120K), 0.9397971 secs]
110.519: [Full GC (Ergonomics)  511129K->443978K(517120K), 0.9617203 secs]
111.492: [Full GC (Ergonomics)  511129K->444658K(517120K), 0.9760223 secs]
112.479: [Full GC (Ergonomics)  511129K->445359K(517120K), 0.9715768 secs]
113.461: [Full GC (Ergonomics)  511129K->446075K(517120K), 0.9479056 secs]
114.420: [Full GC (Ergonomics)  511129K->446758K(517120K), 0.9791665 secs]
115.411: [Full GC (Ergonomics)  511129K->447471K(517120K), 0.9840762 secs]
116.408: [Full GC (Ergonomics)  511129K->448079K(517120K), 0.9849400 secs]
117.407: [Full GC (Ergonomics)  511129K->448719K(517120K), 0.9743033 secs]
118.392: [Full GC (Ergonomics)  511129K->449387K(517120K), 0.9825353 secs]
119.385: [Full GC (Ergonomics)  511129K->449992K(517120K), 0.9803556 secs]
120.377: [Full GC (Ergonomics)  511129K->450653K(517120K), 1.1163646 secs]
121.504: [Full GC (Ergonomics)  511129K->451234K(517120K), 0.9964193 secs]
122.511: [Full GC (Ergonomics)  511129K->451835K(517120K), 1.0215601 secs]
123.542: [Full GC (Ergonomics)  511129K->452441K(517120K), 0.9934506 secs]
124.546: [Full GC (Ergonomics)  511129K->453039K(517120K), 1.0049336 secs]
125.560: [Full GC (Ergonomics)  511129K->453615K(517120K), 1.0145206 secs]
126.584: [Full GC (Ergonomics)  511129K->454360K(517120K), 1.0349130 secs]
127.629: [Full GC (Ergonomics)  511122K->454940K(517120K), 1.0222056 secs]
128.664: [Full GC (Ergonomics)  511129K->455710K(517120K), 1.0508756 secs]
129.724: [Full GC (Ergonomics)  511129K->456293K(517120K), 0.9886668 secs]
130.726: [Full GC (Ergonomics)  511129K->456856K(517120K), 1.0109058 secs]
131.746: [Full GC (Ergonomics)  511129K->457435K(517120K), 0.9751191 secs]
132.731: [Full GC (Ergonomics)  511129K->458011K(517120K), 0.9794667 secs]
133.720: [Full GC (Ergonomics)  511129K->458552K(517120K), 0.9756535 secs]
134.704: [Full GC (Ergonomics)  511129K->459079K(517120K), 0.9998884 secs]
135.712: [Full GC (Ergonomics)  511129K->459614K(517120K), 0.9833593 secs]
136.704: [Full GC (Ergonomics)  511129K->460157K(517120K), 0.9914795 secs]
137.704: [Full GC (Ergonomics)  511129K->460730K(517120K), 1.0031738 secs]
138.716: [Full GC (Ergonomics)  511129K->461255K(517120K), 0.9925451 secs]
139.717: [Full GC (Ergonomics)  511129K->461787K(517120K), 0.9817596 secs]
140.710: [Full GC (Ergonomics)  511129K->462285K(517120K), 0.9863245 secs]
141.704: [Full GC (Ergonomics)  511129K->462833K(517120K), 0.9913779 secs]
142.704: [Full GC (Ergonomics)  511129K->463337K(517120K), 0.9756768 secs]
143.687: [Full GC (Ergonomics)  511129K->463809K(517120K), 0.9884980 secs]
144.683: [Full GC (Ergonomics)  511129K->464309K(517120K), 0.9890290 secs]
145.680: [Full GC (Ergonomics)  511129K->464788K(517120K), 0.9914881 secs]
146.680: [Full GC (Ergonomics)  511129K->465295K(517120K), 0.9970932 secs]
147.687: [Full GC (Ergonomics)  511129K->465988K(517120K), 1.0146566 secs]
148.709: [Full GC (Ergonomics)  511129K->466436K(517120K), 0.9968960 secs]
149.713: [Full GC (Ergonomics)  511129K->466854K(517120K), 0.9928218 secs]
150.718: [Full GC (Ergonomics)  511129K->467437K(517120K), 1.0102751 secs]
151.736: [Full GC (Ergonomics)  511129K->467980K(517120K), 1.0046330 secs]
152.750: [Full GC (Ergonomics)  511129K->468441K(517120K), 1.1715844 secs]
153.931: [Full GC (Ergonomics)  511129K->468992K(517120K), 1.0355471 secs]
154.976: [Full GC (Ergonomics)  511128K->469427K(517120K), 1.0548307 secs]
156.040: [Full GC (Ergonomics)  511128K->469899K(517120K), 1.0636198 secs]
157.110: [Full GC (Ergonomics)  511128K->470319K(517120K), 1.0667160 secs]
158.187: [Full GC (Ergonomics)  511128K->470773K(517120K), 1.0217783 secs]
159.216: [Full GC (Ergonomics)  511128K->471174K(517120K), 1.0497582 secs]
160.272: [Full GC (Ergonomics)  511128K->471568K(517120K), 1.0335849 secs]
161.312: [Full GC (Ergonomics)  511128K->472000K(517120K), 1.0956428 secs]
162.415: [Full GC (Ergonomics)  511128K->472389K(517120K), 1.0375247 secs]
163.459: [Full GC (Ergonomics)  511128K->472805K(517120K), 1.0036912 secs]
164.469: [Full GC (Ergonomics)  511128K->473178K(517120K), 1.0226822 secs]
165.498: [Full GC (Ergonomics)  511128K->473610K(517120K), 1.0395356 secs]
166.546: [Full GC (Ergonomics)  511128K->474017K(517120K), 1.0468072 secs]
167.600: [Full GC (Ergonomics)  511128K->474375K(517120K), 1.0818352 secs]
168.688: [Full GC (Ergonomics)  511128K->474744K(517120K), 1.0804116 secs]
169.774: [Full GC (Ergonomics)  511128K->475102K(517120K), 1.0443159 secs]
170.825: [Full GC (Ergonomics)  511128K->475451K(517120K), 1.0609199 secs]
171.892: [Full GC (Ergonomics)  511128K->475819K(517120K), 1.0340005 secs]
172.933: [Full GC (Ergonomics)  511128K->476199K(517120K), 1.1011916 secs]
174.040: [Full GC (Ergonomics)  511128K->476563K(517120K), 1.0430926 secs]
175.089: [Full GC (Ergonomics)  511128K->476923K(517120K), 1.0417527 secs]
176.138: [Full GC (Ergonomics)  511128K->477259K(517120K), 1.0340002 secs]
177.178: [Full GC (Ergonomics)  511128K->477602K(517120K), 1.0420086 secs]
178.226: [Full GC (Ergonomics)  511128K->477977K(517120K), 1.0558359 secs]
179.288: [Full GC (Ergonomics)  511123K->478312K(517120K), 1.0903723 secs]
180.385: [Full GC (Ergonomics)  511128K->478662K(517120K), 1.0506115 secs]
181.441: [Full GC (Ergonomics)  511128K->479044K(517120K), 1.0524941 secs]
182.504: [Full GC (Ergonomics)  511128K->479355K(517120K), 1.0300457 secs]
183.540: [Full GC (Ergonomics)  511128K->479667K(517120K), 1.1916501 secs]
184.737: [Full GC (Ergonomics)  511128K->480018K(517120K), 1.0366074 secs]
185.779: [Full GC (Ergonomics)  511128K->480305K(517120K), 1.0373854 secs]
186.822: [Full GC (Ergonomics)  511128K->480628K(517120K), 1.0427375 secs]
187.871: [Full GC (Ergonomics)  511128K->480927K(517120K), 1.0331727 secs]
188.909: [Full GC (Ergonomics)  511128K->481224K(517120K), 1.0286566 secs]
189.943: [Full GC (Ergonomics)  511128K->481553K(517120K), 1.0389592 secs]
190.987: [Full GC (Ergonomics)  511128K->481850K(517120K), 1.0261600 secs]
192.019: [Full GC (Ergonomics)  511128K->482130K(517120K), 1.0382308 secs]
193.062: [Full GC (Ergonomics)  511128K->482436K(517120K), 1.0267987 secs]
194.093: [Full GC (Ergonomics)  511128K->482727K(517120K), 1.0285795 secs]
195.127: [Full GC (Ergonomics)  511128K->483028K(517120K), 1.0357496 secs]
196.168: [Full GC (Ergonomics)  511128K->483312K(517120K), 1.0453108 secs]
197.218: [Full GC (Ergonomics)  511128K->483634K(517120K), 1.0332224 secs]
198.256: [Full GC (Ergonomics)  511128K->483929K(517120K), 1.0418458 secs]
199.306: [Full GC (Ergonomics)  511128K->484259K(517120K), 1.1724058 secs]
200.484: [Full GC (Ergonomics)  511128K->484635K(517120K), 1.0350223 secs]
201.524: [Full GC (Ergonomics)  511127K->485007K(517120K), 1.0260459 secs]
202.555: [Full GC (Ergonomics)  511127K->485255K(517120K), 1.0624624 secs]
203.622: [Full GC (Ergonomics)  511127K->485529K(517120K), 1.0352854 secs]
204.662: [Full GC (Ergonomics)  511127K->485778K(517120K), 1.0531689 secs]
205.720: [Full GC (Ergonomics)  511127K->486022K(517120K), 1.0485514 secs]
206.774: [Full GC (Ergonomics)  511127K->486422K(517120K), 1.0503471 secs]
207.829: [Full GC (Ergonomics)  511127K->486770K(517120K), 1.0396585 secs]
208.874: [Full GC (Ergonomics)  511127K->487065K(517120K), 1.0510410 secs]
209.929: [Full GC (Ergonomics)  511127K->487310K(517120K), 1.0498127 secs]
210.984: [Full GC (Ergonomics)  511127K->487578K(517120K), 1.0500930 secs]
212.041: [Full GC (Ergonomics)  511127K->487795K(517120K), 1.0436818 secs]
213.090: [Full GC (Ergonomics)  511127K->488031K(517120K), 1.1833076 secs]
214.278: [Full GC (Ergonomics)  511126K->488294K(517120K), 1.0707124 secs]
215.354: [Full GC (Ergonomics)  511126K->488553K(517120K), 1.0578529 secs]
216.415: [Full GC (Ergonomics)  511126K->488807K(517120K), 1.0467340 secs]
217.466: [Full GC (Ergonomics)  511126K->489035K(517120K), 1.0427746 secs]
218.514: [Full GC (Ergonomics)  511126K->489257K(517120K), 1.0506888 secs]
219.568: [Full GC (Ergonomics)  511126K->489494K(517120K), 1.1067554 secs]
220.679: [Full GC (Ergonomics)  511126K->489714K(517120K), 1.0965726 secs]
221.779: [Full GC (Ergonomics)  511126K->489934K(517120K), 1.0258461 secs]
222.809: [Full GC (Ergonomics)  511126K->490142K(517120K), 1.0560138 secs]
223.875: [Full GC (Ergonomics)  511126K->490359K(517120K), 1.0948872 secs]
224.974: [Full GC (Ergonomics)  511126K->490576K(517120K), 1.0802285 secs]
226.059: [Full GC (Ergonomics)  511126K->490765K(517120K), 1.0791884 secs]
227.142: [Full GC (Ergonomics)  511126K->490973K(517120K), 1.0672898 secs]
228.214: [Full GC (Ergonomics)  511126K->491166K(517120K), 1.0653624 secs]
229.283: [Full GC (Ergonomics)  511126K->491374K(517120K), 1.0584846 secs]
230.345: [Full GC (Ergonomics)  511126K->491587K(517120K), 1.0547289 secs]
231.404: [Full GC (Ergonomics)  511126K->491816K(517120K), 1.0744754 secs]
232.482: [Full GC (Ergonomics)  511126K->491971K(517120K), 1.0603415 secs]
233.546: [Full GC (Ergonomics)  511126K->492161K(517120K), 1.0360618 secs]
234.586: [Full GC (Ergonomics)  511126K->492395K(517120K), 1.0412975 secs]
235.631: [Full GC (Ergonomics)  511126K->492562K(517120K), 1.0556460 secs]
236.690: [Full GC (Ergonomics)  511126K->492744K(517120K), 1.0583448 secs]
237.752: [Full GC (Ergonomics)  511126K->492955K(517120K), 1.0484958 secs]
238.804: [Full GC (Ergonomics)  511126K->493279K(517120K), 1.0534399 secs]
239.861: [Full GC (Ergonomics)  511126K->493491K(517120K), 1.0596646 secs]
240.924: [Full GC (Ergonomics)  511126K->493682K(517120K), 1.0421814 secs]
241.969: [Full GC (Ergonomics)  511126K->493836K(517120K), 1.0587705 secs]
243.031: [Full GC (Ergonomics)  511126K->494032K(517120K), 1.0615325 secs]
244.096: [Full GC (Ergonomics)  511126K->494165K(517120K), 1.0609168 secs]
245.160: [Full GC (Ergonomics)  511126K->494337K(517120K), 1.0652746 secs]
246.229: [Full GC (Ergonomics)  511119K->494483K(517120K), 1.0521206 secs]
247.284: [Full GC (Ergonomics)  511126K->494701K(517120K), 1.0347192 secs]
248.322: [Full GC (Ergonomics)  511126K->494862K(517120K), 1.0488368 secs]
249.374: [Full GC (Ergonomics)  511126K->495019K(517120K), 1.0544769 secs]
250.432: [Full GC (Ergonomics)  511126K->495187K(517120K), 1.0540238 secs]
251.489: [Full GC (Ergonomics)  511126K->495379K(517120K), 1.0505866 secs]
252.543: [Full GC (Ergonomics)  511126K->495541K(517120K), 1.0497593 secs]
253.595: [Full GC (Ergonomics)  511126K->495675K(517120K), 1.0501470 secs]
254.649: [Full GC (Ergonomics)  511126K->495856K(517120K), 1.0552389 secs]
255.707: [Full GC (Ergonomics)  511126K->496025K(517120K), 1.0646815 secs]
256.774: [Full GC (Ergonomics)  511126K->496226K(517120K), 1.0635579 secs]
257.841: [Full GC (Ergonomics)  511126K->496357K(517120K), 1.0708584 secs]
258.915: [Full GC (Ergonomics)  511126K->496502K(517120K), 1.0454869 secs]
259.963: [Full GC (Ergonomics)  511114K->496662K(517120K), 1.0606952 secs]
261.027: [Full GC (Ergonomics)  511126K->496824K(517120K), 1.0577166 secs]
262.088: [Full GC (Ergonomics)  511126K->496944K(517120K), 1.0542342 secs]
263.145: [Full GC (Ergonomics)  511126K->497091K(517120K), 1.0771038 secs]
264.224: [Full GC (Ergonomics)  511126K->497288K(517120K), 1.0596015 secs]
265.287: [Full GC (Ergonomics)  511126K->497406K(517120K), 1.1175642 secs]
266.407: [Full GC (Ergonomics)  511126K->497549K(517120K), 1.0538950 secs]
267.464: [Full GC (Ergonomics)  511126K->497670K(517120K), 1.0823531 secs]
268.549: [Full GC (Ergonomics)  511126K->497791K(517120K), 1.0780240 secs]
269.630: [Full GC (Ergonomics)  511126K->497930K(517120K), 1.0533383 secs]
270.686: [Full GC (Ergonomics)  511126K->498085K(517120K), 1.0588646 secs]
271.748: [Full GC (Ergonomics)  511126K->498231K(517120K), 1.0555239 secs]
272.806: [Full GC (Ergonomics)  511126K->498318K(517120K), 1.0491507 secs]
273.858: [Full GC (Ergonomics)  511126K->498478K(517120K), 1.0883526 secs]
274.949: [Full GC (Ergonomics)  511126K->498603K(517120K), 1.0602755 secs]
276.012: [Full GC (Ergonomics)  511126K->498762K(517120K), 1.0640061 secs]
277.079: [Full GC (Ergonomics)  511126K->498871K(517120K), 1.0645904 secs]
278.146: [Full GC (Ergonomics)  511126K->498956K(517120K), 1.0567276 secs]
279.205: [Full GC (Ergonomics)  511126K->499083K(517120K), 1.0552364 secs]
280.263: [Full GC (Ergonomics)  511126K->499204K(517120K), 1.0664114 secs]
281.332: [Full GC (Ergonomics)  511126K->499309K(517120K), 1.0616223 secs]
282.396: [Full GC (Ergonomics)  511126K->499443K(517120K), 1.0699859 secs]
283.468: [Full GC (Ergonomics)  511126K->499573K(517120K), 1.0602167 secs]
284.531: [Full GC (Ergonomics)  511126K->499681K(517120K), 1.0631519 secs]
285.596: [Full GC (Ergonomics)  511126K->499789K(517120K), 1.0709554 secs]
286.670: [Full GC (Ergonomics)  511126K->499935K(517120K), 1.0865022 secs]
287.758: [Full GC (Ergonomics)  511126K->500023K(517120K), 1.0804967 secs]
288.841: [Full GC (Ergonomics)  511126K->500171K(517120K), 1.0625763 secs]
289.906: [Full GC (Ergonomics)  511126K->500313K(517120K), 1.0907452 secs]
290.999: [Full GC (Ergonomics)  511126K->500375K(517120K), 1.0815633 secs]
292.083: [Full GC (Ergonomics)  511126K->500496K(517120K), 1.0695128 secs]
293.155: [Full GC (Ergonomics)  511126K->500606K(517120K), 1.0730157 secs]
294.231: [Full GC (Ergonomics)  511126K->500731K(517120K), 1.0637853 secs]
295.297: [Full GC (Ergonomics)  511126K->500794K(517120K), 1.0674334 secs]
296.366: [Full GC (Ergonomics)  511126K->500880K(517120K), 1.0746480 secs]
297.443: [Full GC (Ergonomics)  511126K->501050K(517120K), 1.0792762 secs]
298.525: [Full GC (Ergonomics)  511126K->501119K(517120K), 1.2277994 secs]
299.755: [Full GC (Ergonomics)  511126K->501211K(517120K), 1.0588286 secs]
300.816: [Full GC (Ergonomics)  511126K->501285K(517120K), 1.0881977 secs]
301.906: [Full GC (Ergonomics)  511126K->501415K(517120K), 1.0663777 secs]
302.975: [Full GC (Ergonomics)  511126K->501488K(517120K), 1.0597341 secs]
304.036: [Full GC (Ergonomics)  511126K->501617K(517120K), 1.0653740 secs]
305.104: [Full GC (Ergonomics)  511119K->501714K(517120K), 1.0597609 secs]
306.166: [Full GC (Ergonomics)  511126K->501784K(517120K), 1.0655506 secs]
307.234: [Full GC (Ergonomics)  511126K->501882K(517120K), 1.0751541 secs]
308.311: [Full GC (Ergonomics)  511126K->501950K(517120K), 1.0908244 secs]
309.404: [Full GC (Ergonomics)  511126K->502084K(517120K), 1.0711039 secs]
310.477: [Full GC (Ergonomics)  511126K->502160K(517120K), 1.0883880 secs]
311.568: [Full GC (Ergonomics)  511126K->502242K(517120K), 1.0693422 secs]
312.639: [Full GC (Ergonomics)  511126K->502333K(517120K), 1.0854287 secs]
313.727: [Full GC (Ergonomics)  511126K->502417K(517120K), 1.0906055 secs]
314.819: [Full GC (Ergonomics)  511126K->502507K(517120K), 1.0843865 secs]
315.906: [Full GC (Ergonomics)  511126K->502580K(517120K), 1.0801709 secs]
316.988: [Full GC (Ergonomics)  511126K->502656K(517120K), 1.1037631 secs]
318.095: [Full GC (Ergonomics)  511126K->502728K(517120K), 1.1085129 secs]
319.207: [Full GC (Ergonomics)  511126K->502832K(517120K), 1.1270131 secs]
320.336: [Full GC (Ergonomics)  511126K->502921K(517120K), 1.1015556 secs]
321.440: [Full GC (Ergonomics)  511126K->503027K(517120K), 1.1186373 secs]
322.561: [Full GC (Ergonomics)  511126K->503095K(517120K), 1.1200851 secs]
323.683: [Full GC (Ergonomics)  511126K->503171K(517120K), 1.1298115 secs]
324.815: [Full GC (Ergonomics)  509137K->503231K(517120K), 1.0910679 secs]
325.906: [Full GC (Allocation Failure)  503231K->503231K(517120K), 1.2441932 secs]
331.189: [Full GC (Ergonomics)  503767K->503202K(517120K), 1.1370315 secs]
332.326: [Full GC (Allocation Failure)  503202K->503202K(517120K), 1.1354793 secs]
333.462: [Full GC (Ergonomics)  504129K->503235K(517120K), 1.2745178 secs]
334.737: [Full GC (Allocation Failure)  503235K->503233K(517120K), 1.0975116 secs]
335.836: [Full GC (Ergonomics)  504404K->503216K(517120K), 1.2297028 secs]
337.066: [Full GC (Allocation Failure)  503216K->503216K(517120K), 1.0900005 secs]
338.158: [Full GC (Ergonomics)  504252K->503161K(517120K), 1.2512700 secs]
339.409: [Full GC (Allocation Failure)  503161K->503154K(517120K), 1.1015914 secs]
340.513: [Full GC (Ergonomics)  506019K->503265K(517120K), 1.1379571 secs]
341.651: [Full GC (Allocation Failure)  503265K->503258K(517120K), 1.1509125 secs]
342.809: [Full GC (Ergonomics)  505282K->503043K(517120K), 1.1143216 secs]
343.923: [Full GC (Allocation Failure)  503043K->503035K(517120K), 1.0867442 secs]
345.017: [Full GC (Ergonomics)  505231K->502968K(517120K), 1.2805914 secs]
346.297: [Full GC (Allocation Failure)  502968K->502958K(517120K), 1.0830873 secs]
347.383: [Full GC (Ergonomics)  503486K->502976K(517120K), 1.1100556 secs]
348.493: [Full GC (Allocation Failure)  502976K->502968K(517120K), 1.0971362 secs]
349.591: [Full GC (Ergonomics)  503420K->502949K(517120K), 1.1132280 secs]
350.704: [Full GC (Allocation Failure)  502949K->502942K(517120K), 1.2250205 secs]
351.931: [Full GC (Ergonomics)  503736K->502889K(517120K), 1.1465447 secs]
353.077: [Full GC (Allocation Failure)  502889K->502881K(517120K), 1.0910779 secs]
354.169: [Full GC (Ergonomics)  504061K->502883K(517120K), 1.1190223 secs]
355.288: [Full GC (Allocation Failure)  502883K->502882K(517120K), 1.1112530 secs]
356.401: [Full GC (Ergonomics)  504208K->502883K(517120K), 1.1381055 secs]
357.539: [Full GC (Allocation Failure)  502883K->502882K(517120K), 1.1342386 secs]
358.676: [Full GC (Ergonomics)  503676K->502929K(517120K), 1.1234896 secs]
359.800: [Full GC (Allocation Failure)  502929K->502929K(517120K), 1.1479426 secs]
360.952: [Full GC (Ergonomics)  504526K->502889K(517120K), 1.2474524 secs]
362.200: [Full GC (Allocation Failure)  502889K->502881K(517120K), 1.0917947 secs]
363.293: [Full GC (Ergonomics)  503650K->502884K(517120K), 1.1993670 secs]
364.492: [Full GC (Allocation Failure)  502884K->502876K(517120K), 1.1721047 secs]
365.666: [Full GC (Ergonomics)  503523K->502860K(517120K), 1.1136981 secs]
366.780: [Full GC (Allocation Failure)  502860K->502852K(517120K), 1.1002223 secs]
367.881: [Full GC (Ergonomics)  503472K->502800K(517120K), 1.1881636 secs]
369.070: [Full GC (Allocation Failure)  502800K->502798K(517120K), 1.0852251 secs]
370.156: [Full GC (Ergonomics)  503573K->502778K(517120K), 1.0936136 secs]
371.250: [Full GC (Allocation Failure)  502778K->502778K(517120K), 1.0932164 secs]
372.345: [Full GC (Ergonomics)  503497K->502785K(517120K), 1.1570113 secs]
373.502: [Full GC (Allocation Failure)  502785K->502777K(517120K), 1.0652924 secs]
374.571: [Full GC (Ergonomics)  503608K->502737K(517120K), 1.3405938 secs]
375.912: [Full GC (Allocation Failure)  502737K->502729K(517120K), 1.0844824 secs]
376.996: [Full GC (Ergonomics)  503162K->502700K(517120K), 1.1048785 secs]
378.101: [Full GC (Allocation Failure)  502700K->502700K(517120K), 1.0872310 secs]
379.191: [Full GC (Ergonomics)  503489K->502685K(517120K), 1.2458081 secs]
380.437: [Full GC (Allocation Failure)  502685K->502676K(517120K), 1.0863652 secs]
381.526: [Full GC (Ergonomics)  504976K->502696K(517120K), 1.2216522 secs]
382.748: [Full GC (Allocation Failure)  502696K->502694K(517120K), 1.0989361 secs]
383.853: [Full GC (Ergonomics)  511074K->502939K(517120K), 1.2325395 secs]
385.085: [Full GC (Allocation Failure)  502939K->502931K(517120K), 1.0803251 secs]
386.171: [Full GC (Ergonomics)  508360K->502935K(517120K), 1.1041681 secs]
387.275: [Full GC (Allocation Failure)  502935K->502927K(517120K), 1.1241547 secs]
388.405: [Full GC (Ergonomics)  506002K->502723K(517120K), 1.1218317 secs]
389.527: [Full GC (Allocation Failure)  502723K->502715K(517120K), 1.0902415 secs]
390.620: [Full GC (Ergonomics)  503560K->502697K(517120K), 1.1013204 secs]
391.722: [Full GC (Allocation Failure)  502697K->502690K(517120K), 1.0730131 secs]
392.796: [Full GC (Ergonomics)  503941K->502693K(517120K), 1.0884949 secs]
393.885: [Full GC (Allocation Failure)  502693K->502685K(517120K), 1.0882967 secs]
394.974: [Full GC (Ergonomics)  503598K->502688K(517120K), 1.0830107 secs]
396.057: [Full GC (Allocation Failure)  502688K->502680K(517120K), 1.0741557 secs]
397.143: [Full GC (Ergonomics)  511073K->503403K(517120K), 1.0991854 secs]
398.243: [Full GC (Allocation Failure)  503403K->503394K(517120K), 1.0912071 secs]
399.334: [Full GC (Ergonomics)  503978K->503368K(517120K), 1.0798642 secs]
400.414: [Full GC (Allocation Failure)  503368K->503367K(517120K), 1.0870691 secs]
401.509: [Full GC (Ergonomics)  511042K->504037K(517120K), 1.1043396 secs]
402.613: [Full GC (Allocation Failure)  504037K->504029K(517120K), 1.0641282 secs]
403.680: [Full GC (Ergonomics)  507038K->503691K(517120K), 1.1112080 secs]
404.791: [Full GC (Allocation Failure)  503691K->503684K(517120K), 1.0917479 secs]
405.885: [Full GC (Ergonomics)  504311K->503665K(517120K), 1.1349214 secs]
407.020: [Full GC (Allocation Failure)  503665K->503664K(517120K), 1.0687992 secs]
408.090: [Full GC (Ergonomics) 